/*
 * CoDiPack, a Code Differentiation Package
 *
 * Copyright (C) 2015-2017 Chair for Scientific Computing (SciComp), TU Kaiserslautern
 * Homepage: http://www.scicomp.uni-kl.de
 * Contact:  Prof. Nicolas R. Gauger (codi@scicomp.uni-kl.de)
 *
 * Lead developers: Max Sagebaum, Tim Albring (SciComp, TU Kaiserslautern)
 *
 * This file is part of CoDiPack (http://www.scicomp.uni-kl.de/software/codi).
 *
 * CoDiPack is free software: you can redistribute it and/or
 * modify it under the terms of the GNU General Public License
 * as published by the Free Software Foundation, either version 3 of the
 * License, or (at your option) any later version.
 *
 * CoDiPack is distributed in the hope that it will be useful,
 * but WITHOUT ANY WARRANTY; without even the implied warranty
 * of MERCHANTABILITY or FITNESS FOR A PARTICULAR PURPOSE.
 *
 * See the GNU General Public License for more details.
 * You should have received a copy of the GNU
 * General Public License along with CoDiPack.
 * If not, see <http://www.gnu.org/licenses/>.
 *
 * Authors: Max Sagebaum, Tim Albring, (SciComp, TU Kaiserslautern)
 */
Point 0 : {1, 0.5}
0 0 101
0 1 201
0 2 301
0 3 401
0 4 501
0 5 0
0 6 701
0 7 701
1 0 102
1 1 0
1 2 0
1 3 0
1 4 0
1 5 0
1 6 702
1 7 702
